BenefitId   BenefitName                                                                                                                                            BenefitType                                        ProviderName                                                                                                                                           MonthlyPremium                          IsActive
----------- ------------------------------------------------------------------------------------------------------------------------------------------------------ -------------------------------------------------- ------------------------------------------------------------------------------------------------------------------------------------------------------ --------------------------------------- --------
1           Medicare Supplement Plan F                                                                                                                             Medical                                            Blue Cross Blue Shield                                                                                                                                 185.50                                  1
2           Medicare Advantage HMO                                                                                                                                 Medical                                            UnitedHealthcare                                                                                                                                       0.00                                    1
3           Dental PPO                                                                                                                                             Dental                                             Delta Dental                                                                                                                                           45.00                                   1
4           Vision Plan                                                                                                                                            Vision                                             VSP                                                                                                                                                    18.75                                   1
5           Prescription Drug Plan                                                                                                                                 Pharmacy                                           CVS Caremark                                                                                                                                           32.50                                   1

(5 rows affected)


Completion time: 2026-01-29T03:21:01.1073875-05:00
