RetireeId   FirstName                                                                                            LastName                                                                                             DateOfBirth Email                                                                                                                                                                                                    IsActive CreatedAt
----------- ---------------------------------------------------------------------------------------------------- ---------------------------------------------------------------------------------------------------- ----------- -------------------------------------------------------------------------------------------------------------------------------------------------------------------------------------------------------- -------- ---------------------------
1           Anurag                                                                                               Varma                                                                                                1955-03-15  anurag.varma@benistar.com                                                                                                                                                                                1        2024-01-10 00:00:00.0000000
2           Mark                                                                                                 Johnson                                                                                              1958-07-22  mark.johnson@benistar.com                                                                                                                                                                                1        2024-02-15 00:00:00.0000000
3           Robert                                                                                               Williams                                                                                             1953-11-08  robert.williams@benistar.com                                                                                                                                                                             1        2024-03-20 00:00:00.0000000
4           Patricia                                                                                             Brown                                                                                                1960-05-30  patricia.brown@benistar.com                                                                                                                                                                              1        2024-04-05 00:00:00.0000000

(4 rows affected)


Completion time: 2026-01-29T03:22:11.4936671-05:00
